// Jest Snapshot v1, https://goo.gl/fbAQLP

exports[`GeneratedTickMathTest gas tick -50 1`] = `505`;

exports[`GeneratedTickMathTest gas tick -500 1`] = `505`;

exports[`GeneratedTickMathTest gas tick -1000 1`] = `505`;

exports[`GeneratedTickMathTest gas tick -7732 1`] = `459`;

exports[`GeneratedTickMathTest gas tick 0 1`] = `505`;

exports[`GeneratedTickMathTest gas tick 50 1`] = `505`;

exports[`GeneratedTickMathTest gas tick 500 1`] = `505`;

exports[`GeneratedTickMathTest gas tick 1000 1`] = `505`;

exports[`GeneratedTickMathTest gas tick 7732 1`] = `545`;
