// Jest Snapshot v1, https://goo.gl/fbAQLP

exports[`ReverseTickMath #getTickFromPrice gas cost 0 iterations 1`] = `168`;

exports[`ReverseTickMath #getTickFromPrice gas cost diff of 8 1`] = `3122`;

exports[`ReverseTickMath #getTickFromPrice gas cost diff of 256 1`] = `8193`;

exports[`ReverseTickMath #getTickFromPrice gas cost price exactly at 0 1`] = `8193`;
