// Jest Snapshot v1, https://goo.gl/fbAQLP

exports[`SwapMath #computeSwapStep gas swap one for zero exact in capped 1`] = `2119`;

exports[`SwapMath #computeSwapStep gas swap one for zero exact in partial 1`] = `2818`;

exports[`SwapMath #computeSwapStep gas swap one for zero exact out capped 1`] = `1853`;

exports[`SwapMath #computeSwapStep gas swap one for zero exact out partial 1`] = `2818`;

exports[`SwapMath #computeSwapStep gas swap zero for one exact in capped 1`] = `2234`;

exports[`SwapMath #computeSwapStep gas swap zero for one exact in partial 1`] = `3354`;

exports[`SwapMath #computeSwapStep gas swap zero for one exact out capped 1`] = `1968`;

exports[`SwapMath #computeSwapStep gas swap zero for one exact out partial 1`] = `3354`;
