// Jest Snapshot v1, https://goo.gl/fbAQLP

exports[`SwapMath #computeSwapStep gas swap one for zero exact in capped 1`] = `2047`;

exports[`SwapMath #computeSwapStep gas swap one for zero exact in partial 1`] = `2746`;

exports[`SwapMath #computeSwapStep gas swap one for zero exact out capped 1`] = `1799`;

exports[`SwapMath #computeSwapStep gas swap one for zero exact out partial 1`] = `2746`;

exports[`SwapMath #computeSwapStep gas swap zero for one exact in capped 1`] = `2162`;

exports[`SwapMath #computeSwapStep gas swap zero for one exact in partial 1`] = `3264`;

exports[`SwapMath #computeSwapStep gas swap zero for one exact out capped 1`] = `1914`;

exports[`SwapMath #computeSwapStep gas swap zero for one exact out partial 1`] = `3264`;
