// Jest Snapshot v1, https://goo.gl/fbAQLP

exports[`TickBitMap #flipTick gas cost of flipping a tick that results in deleting a word 1`] = `13785`;

exports[`TickBitMap #flipTick gas cost of flipping first tick in word to initialized 1`] = `42581`;

exports[`TickBitMap #flipTick gas cost of flipping second tick in word to initialized 1`] = `27581`;

exports[`TickBitMap #isInitialized gas if tick is initialized 1`] = `1054`;

exports[`TickBitMap #isInitialized gas if tick is not initialized 1`] = `1054`;

exports[`TickBitMap #nextInitializedTick initialized lte = false gas cost many iterations 1`] = `25894`;

exports[`TickBitMap #nextInitializedTick initialized lte = false gas cost single iteration 1`] = `3168`;

exports[`TickBitMap #nextInitializedTick initialized lte = true gas cost many iterations 1`] = `10900`;

exports[`TickBitMap #nextInitializedTick initialized lte = true gas cost single iteration 1`] = `1935`;

exports[`TickBitMap #nextInitializedTickWithinOneWord lte = false gas cost for entire word 1`] = `1212`;

exports[`TickBitMap #nextInitializedTickWithinOneWord lte = false gas cost just below boundary 1`] = `1212`;

exports[`TickBitMap #nextInitializedTickWithinOneWord lte = false gas cost on boundary 1`] = `1184`;

exports[`TickBitMap #nextInitializedTickWithinOneWord lte = true gas cost for entire word 1`] = `1160`;

exports[`TickBitMap #nextInitializedTickWithinOneWord lte = true gas cost just below boundary 1`] = `1574`;

exports[`TickBitMap #nextInitializedTickWithinOneWord lte = true gas cost on boundary 1`] = `1160`;
