// Jest Snapshot v1, https://goo.gl/fbAQLP

exports[`TickBitmap #flipTick gas cost of flipping a tick that results in deleting a word 1`] = `13449`;

exports[`TickBitmap #flipTick gas cost of flipping first tick in word to initialized 1`] = `44009`;

exports[`TickBitmap #flipTick gas cost of flipping second tick in word to initialized 1`] = `26909`;

exports[`TickBitmap #nextInitializedTickWithinOneWord lte = false gas cost for entire word 1`] = `5878`;

exports[`TickBitmap #nextInitializedTickWithinOneWord lte = false gas cost just below boundary 1`] = `5878`;

exports[`TickBitmap #nextInitializedTickWithinOneWord lte = false gas cost on boundary 1`] = `5878`;

exports[`TickBitmap #nextInitializedTickWithinOneWord lte = true gas cost for entire word 1`] = `5869`;

exports[`TickBitmap #nextInitializedTickWithinOneWord lte = true gas cost just below boundary 1`] = `6197`;

exports[`TickBitmap #nextInitializedTickWithinOneWord lte = true gas cost on boundary 1`] = `5869`;
