// Jest Snapshot v1, https://goo.gl/fbAQLP

exports[`TickBitMap #flipTick gas cost of flipping a tick that results in deleting a word 1`] = `13828`;

exports[`TickBitMap #flipTick gas cost of flipping first tick in word to initialized 1`] = `42668`;

exports[`TickBitMap #flipTick gas cost of flipping second tick in word to initialized 1`] = `27668`;

exports[`TickBitMap #isInitialized gas if tick is initialized 1`] = `1141`;

exports[`TickBitMap #isInitialized gas if tick is not initialized 1`] = `1141`;

exports[`TickBitMap #nextInitializedTick initialized lte = false gas cost many iterations 1`] = `27452`;

exports[`TickBitMap #nextInitializedTick initialized lte = false gas cost single iteration 1`] = `3250`;

exports[`TickBitMap #nextInitializedTick initialized lte = true gas cost many iterations 1`] = `11508`;

exports[`TickBitMap #nextInitializedTick initialized lte = true gas cost single iteration 1`] = `1948`;

exports[`TickBitMap #nextInitializedTickWithinOneWord lte = false gas cost for entire word 1`] = `1299`;

exports[`TickBitMap #nextInitializedTickWithinOneWord lte = false gas cost just below boundary 1`] = `1299`;

exports[`TickBitMap #nextInitializedTickWithinOneWord lte = false gas cost on boundary 1`] = `1271`;

exports[`TickBitMap #nextInitializedTickWithinOneWord lte = true gas cost for entire word 1`] = `1247`;

exports[`TickBitMap #nextInitializedTickWithinOneWord lte = true gas cost just below boundary 1`] = `1661`;

exports[`TickBitMap #nextInitializedTickWithinOneWord lte = true gas cost on boundary 1`] = `1247`;
