// Jest Snapshot v1, https://goo.gl/fbAQLP

exports[`TickBitmap #flipTick gas cost of flipping a tick that results in deleting a word 1`] = `13794`;

exports[`TickBitmap #flipTick gas cost of flipping first tick in word to initialized 1`] = `42600`;

exports[`TickBitmap #flipTick gas cost of flipping second tick in word to initialized 1`] = `27600`;

exports[`TickBitmap #nextInitializedTickWithinOneWord lte = false gas cost for entire word 1`] = `1234`;

exports[`TickBitmap #nextInitializedTickWithinOneWord lte = false gas cost just below boundary 1`] = `1234`;

exports[`TickBitmap #nextInitializedTickWithinOneWord lte = false gas cost on boundary 1`] = `1200`;

exports[`TickBitmap #nextInitializedTickWithinOneWord lte = true gas cost for entire word 1`] = `1178`;

exports[`TickBitmap #nextInitializedTickWithinOneWord lte = true gas cost just below boundary 1`] = `1590`;

exports[`TickBitmap #nextInitializedTickWithinOneWord lte = true gas cost on boundary 1`] = `1178`;
