// Jest Snapshot v1, https://goo.gl/fbAQLP

exports[`TickBitMap #flipTick gas cost of flipping a tick that results in deleting a word 1`] = `13838`;

exports[`TickBitMap #flipTick gas cost of flipping first tick in word to initialized 1`] = `42687`;

exports[`TickBitMap #flipTick gas cost of flipping second tick in word to initialized 1`] = `27687`;

exports[`TickBitMap #isInitialized gas if tick is initialized 1`] = `1154`;

exports[`TickBitMap #isInitialized gas if tick is not initialized 1`] = `1154`;

exports[`TickBitMap #nextInitializedTick initialized lte = false gas cost many iterations 1`] = `27778`;

exports[`TickBitMap #nextInitializedTick initialized lte = false gas cost single iteration 1`] = `3288`;

exports[`TickBitMap #nextInitializedTick initialized lte = true gas cost many iterations 1`] = `11650`;

exports[`TickBitMap #nextInitializedTick initialized lte = true gas cost single iteration 1`] = `1964`;

exports[`TickBitMap #nextInitializedTickWithinOneWord lte = false gas cost for entire word 1`] = `1321`;

exports[`TickBitMap #nextInitializedTickWithinOneWord lte = false gas cost just below boundary 1`] = `1321`;

exports[`TickBitMap #nextInitializedTickWithinOneWord lte = false gas cost on boundary 1`] = `1287`;

exports[`TickBitMap #nextInitializedTickWithinOneWord lte = true gas cost for entire word 1`] = `1265`;

exports[`TickBitMap #nextInitializedTickWithinOneWord lte = true gas cost just below boundary 1`] = `1677`;

exports[`TickBitMap #nextInitializedTickWithinOneWord lte = true gas cost on boundary 1`] = `1265`;
