// Jest Snapshot v1, https://goo.gl/fbAQLP

exports[`UniswapV3Pool gas tests fee is off #burn above current price burn entire position after some time passes 1`] = `55562`;

exports[`UniswapV3Pool gas tests fee is off #burn above current price burn when only position using ticks 1`] = `55562`;

exports[`UniswapV3Pool gas tests fee is off #burn above current price entire position burn but other positions are using the ticks 1`] = `74429`;

exports[`UniswapV3Pool gas tests fee is off #burn above current price partial position burn 1`] = `87802`;

exports[`UniswapV3Pool gas tests fee is off #burn around current price burn entire position after some time passes 1`] = `81926`;

exports[`UniswapV3Pool gas tests fee is off #burn around current price burn when only position using ticks 1`] = `78622`;

exports[`UniswapV3Pool gas tests fee is off #burn around current price entire position burn but other positions are using the ticks 1`] = `101746`;

exports[`UniswapV3Pool gas tests fee is off #burn around current price partial position burn 1`] = `115119`;

exports[`UniswapV3Pool gas tests fee is off #burn below current price burn entire position after some time passes 1`] = `68393`;

exports[`UniswapV3Pool gas tests fee is off #burn below current price burn when only position using ticks 1`] = `68393`;

exports[`UniswapV3Pool gas tests fee is off #burn below current price entire position burn but other positions are using the ticks 1`] = `75085`;

exports[`UniswapV3Pool gas tests fee is off #burn below current price partial position burn 1`] = `88458`;

exports[`UniswapV3Pool gas tests fee is off #collect close to worst case 1`] = `40626`;

exports[`UniswapV3Pool gas tests fee is off #increaseObservationCardinalityNext grow by 1 slot 1`] = `54820`;

exports[`UniswapV3Pool gas tests fee is off #increaseObservationCardinalityNext no op 1`] = `28299`;

exports[`UniswapV3Pool gas tests fee is off #mint above current price add to position after some time passes 1`] = `102474`;

exports[`UniswapV3Pool gas tests fee is off #mint above current price add to position existing 1`] = `102474`;

exports[`UniswapV3Pool gas tests fee is off #mint above current price new position mint first in range 1`] = `170856`;

exports[`UniswapV3Pool gas tests fee is off #mint above current price second position in same range 1`] = `117474`;

exports[`UniswapV3Pool gas tests fee is off #mint around current price add to position after some time passes 1`] = `148531`;

exports[`UniswapV3Pool gas tests fee is off #mint around current price add to position existing 1`] = `137723`;

exports[`UniswapV3Pool gas tests fee is off #mint around current price new position mint first in range 1`] = `297346`;

exports[`UniswapV3Pool gas tests fee is off #mint around current price second position in same range 1`] = `152723`;

exports[`UniswapV3Pool gas tests fee is off #mint below current price add to position after some time passes 1`] = `103021`;

exports[`UniswapV3Pool gas tests fee is off #mint below current price add to position existing 1`] = `103021`;

exports[`UniswapV3Pool gas tests fee is off #mint below current price new position mint first in range 1`] = `274669`;

exports[`UniswapV3Pool gas tests fee is off #mint below current price second position in same range 1`] = `118021`;

exports[`UniswapV3Pool gas tests fee is off #poke best case 1`] = `43339`;

exports[`UniswapV3Pool gas tests fee is off #swapExact0For1 first swap in block moves tick, no initialized crossings 1`] = `101035`;

exports[`UniswapV3Pool gas tests fee is off #swapExact0For1 first swap in block with no tick movement 1`] = `83737`;

exports[`UniswapV3Pool gas tests fee is off #swapExact0For1 first swap in block, large swap crossing a single initialized tick 1`] = `103310`;

exports[`UniswapV3Pool gas tests fee is off #swapExact0For1 first swap in block, large swap crossing several initialized ticks 1`] = `118837`;

exports[`UniswapV3Pool gas tests fee is off #swapExact0For1 first swap in block, large swap, no initialized crossings 1`] = `113003`;

exports[`UniswapV3Pool gas tests fee is off #swapExact0For1 large swap crossing several initialized ticks after some time passes (seconds outside is set) 1`] = `133837`;

exports[`UniswapV3Pool gas tests fee is off #swapExact0For1 large swap crossing several initialized ticks second time after some time passes 1`] = `193837`;

exports[`UniswapV3Pool gas tests fee is off #swapExact0For1 second swap in block moves tick, no initialized crossings 1`] = `101035`;

exports[`UniswapV3Pool gas tests fee is off #swapExact0For1 second swap in block with no tick movement 1`] = `83848`;

exports[`UniswapV3Pool gas tests fee is off #swapExact0For1 second swap in block, large swap crossing a single initialized tick 1`] = `90926`;

exports[`UniswapV3Pool gas tests fee is off #swapExact0For1 second swap in block, large swap crossing several initialized ticks 1`] = `106432`;

exports[`UniswapV3Pool gas tests fee is on #burn above current price burn entire position after some time passes 1`] = `55562`;

exports[`UniswapV3Pool gas tests fee is on #burn above current price burn when only position using ticks 1`] = `55562`;

exports[`UniswapV3Pool gas tests fee is on #burn above current price entire position burn but other positions are using the ticks 1`] = `74429`;

exports[`UniswapV3Pool gas tests fee is on #burn above current price partial position burn 1`] = `87802`;

exports[`UniswapV3Pool gas tests fee is on #burn around current price burn entire position after some time passes 1`] = `81926`;

exports[`UniswapV3Pool gas tests fee is on #burn around current price burn when only position using ticks 1`] = `78622`;

exports[`UniswapV3Pool gas tests fee is on #burn around current price entire position burn but other positions are using the ticks 1`] = `101746`;

exports[`UniswapV3Pool gas tests fee is on #burn around current price partial position burn 1`] = `115119`;

exports[`UniswapV3Pool gas tests fee is on #burn below current price burn entire position after some time passes 1`] = `68393`;

exports[`UniswapV3Pool gas tests fee is on #burn below current price burn when only position using ticks 1`] = `68393`;

exports[`UniswapV3Pool gas tests fee is on #burn below current price entire position burn but other positions are using the ticks 1`] = `75085`;

exports[`UniswapV3Pool gas tests fee is on #burn below current price partial position burn 1`] = `88458`;

exports[`UniswapV3Pool gas tests fee is on #collect close to worst case 1`] = `40626`;

exports[`UniswapV3Pool gas tests fee is on #increaseObservationCardinalityNext grow by 1 slot 1`] = `54820`;

exports[`UniswapV3Pool gas tests fee is on #increaseObservationCardinalityNext no op 1`] = `28299`;

exports[`UniswapV3Pool gas tests fee is on #mint above current price add to position after some time passes 1`] = `102486`;

exports[`UniswapV3Pool gas tests fee is on #mint above current price add to position existing 1`] = `102486`;

exports[`UniswapV3Pool gas tests fee is on #mint above current price new position mint first in range 1`] = `170868`;

exports[`UniswapV3Pool gas tests fee is on #mint above current price second position in same range 1`] = `117486`;

exports[`UniswapV3Pool gas tests fee is on #mint around current price add to position after some time passes 1`] = `148543`;

exports[`UniswapV3Pool gas tests fee is on #mint around current price add to position existing 1`] = `137735`;

exports[`UniswapV3Pool gas tests fee is on #mint around current price new position mint first in range 1`] = `297358`;

exports[`UniswapV3Pool gas tests fee is on #mint around current price second position in same range 1`] = `152735`;

exports[`UniswapV3Pool gas tests fee is on #mint below current price add to position after some time passes 1`] = `103033`;

exports[`UniswapV3Pool gas tests fee is on #mint below current price add to position existing 1`] = `103033`;

exports[`UniswapV3Pool gas tests fee is on #mint below current price new position mint first in range 1`] = `274681`;

exports[`UniswapV3Pool gas tests fee is on #mint below current price second position in same range 1`] = `118033`;

exports[`UniswapV3Pool gas tests fee is on #poke best case 1`] = `43339`;

exports[`UniswapV3Pool gas tests fee is on #swapExact0For1 first swap in block moves tick, no initialized crossings 1`] = `107234`;

exports[`UniswapV3Pool gas tests fee is on #swapExact0For1 first swap in block with no tick movement 1`] = `89789`;

exports[`UniswapV3Pool gas tests fee is on #swapExact0For1 first swap in block, large swap crossing a single initialized tick 1`] = `109656`;

exports[`UniswapV3Pool gas tests fee is on #swapExact0For1 first swap in block, large swap crossing several initialized ticks 1`] = `125624`;

exports[`UniswapV3Pool gas tests fee is on #swapExact0For1 first swap in block, large swap, no initialized crossings 1`] = `119496`;

exports[`UniswapV3Pool gas tests fee is on #swapExact0For1 large swap crossing several initialized ticks after some time passes (seconds outside is set) 1`] = `140624`;

exports[`UniswapV3Pool gas tests fee is on #swapExact0For1 large swap crossing several initialized ticks second time after some time passes 1`] = `200624`;

exports[`UniswapV3Pool gas tests fee is on #swapExact0For1 second swap in block moves tick, no initialized crossings 1`] = `107234`;

exports[`UniswapV3Pool gas tests fee is on #swapExact0For1 second swap in block with no tick movement 1`] = `89900`;

exports[`UniswapV3Pool gas tests fee is on #swapExact0For1 second swap in block, large swap crossing a single initialized tick 1`] = `97125`;

exports[`UniswapV3Pool gas tests fee is on #swapExact0For1 second swap in block, large swap crossing several initialized ticks 1`] = `113072`;
