// Jest Snapshot v1, https://goo.gl/fbAQLP

exports[`UniswapV3Pair #mint after initialization success cases above current price gas 1`] = `223038`;

exports[`UniswapV3Pair #mint after initialization success cases below current price gas 1`] = `230414`;

exports[`UniswapV3Pair #mint after initialization success cases including current price gas 1`] = `239619`;

exports[`UniswapV3Pair post-initialize for low fee swap0For1 gas first swap ever 1`] = `120269`;

exports[`UniswapV3Pair post-initialize for low fee swap0For1 gas first swap in block 1`] = `97604`;

exports[`UniswapV3Pair post-initialize for low fee swap0For1 gas large swap 1`] = `142858`;

exports[`UniswapV3Pair post-initialize for low fee swap0For1 gas large swap crossing several initialized ticks 1`] = `274010`;

exports[`UniswapV3Pair post-initialize for low fee swap0For1 gas second swap in block 1`] = `97604`;

exports[`UniswapV3Pair post-initialize for low fee swap1For0 gas first swap ever 1`] = `111824`;

exports[`UniswapV3Pair post-initialize for low fee swap1For0 gas first swap in block 1`] = `96824`;

exports[`UniswapV3Pair post-initialize for low fee swap1For0 gas large swap 1`] = `136099`;

exports[`UniswapV3Pair post-initialize for low fee swap1For0 gas large swap crossing several initialized ticks 1`] = `263971`;

exports[`UniswapV3Pair post-initialize for low fee swap1For0 gas second swap in block 1`] = `96824`;
