// Jest Snapshot v1, https://goo.gl/fbAQLP

exports[`UniswapV3Pool arbitrage tests swap protocol fee = 6; exact input of 10e18 token0 backrun to true price after swap only 1`] = `
Object {
  "arbBalanceDelta0": "8.8029",
  "arbBalanceDelta1": "-7.9363",
  "backrun": Object {
    "delta0": "-8.8029",
    "delta1": "7.9363",
    "executionPrice": "0.90155",
  },
  "finalPrice": "0.82690",
  "trueValue": Object {
    "final": "0.69056",
  },
}
`;

exports[`UniswapV3Pool arbitrage tests swap protocol fee = 6; exact input of 10e18 token0 not sandwiched swap 1`] = `
Object {
  "amount0Delta": "10.000",
  "amount1Delta": "-9.0661",
  "executionPrice": "0.90661",
  "priceAfter": "0.82690",
}
`;

exports[`UniswapV3Pool arbitrage tests swap protocol fee = 6; exact input of 10e18 token0 sandwiched with swap to execution price then mint max liquidity/burn max liquidity 1`] = `
Object {
  "arbBalanceDelta0": "8.8140",
  "arbBalanceDelta1": "-7.9680",
  "backrun": Object {
    "delta0": "-3.4354",
    "delta1": "3.2562",
    "executionPrice": "0.94781",
  },
  "burn": Object {
    "amount0": "9.9700",
    "amount1": "3.2947e+13",
  },
  "collect": Object {
    "amount0": "0.025000",
    "amount1": "0.0000",
  },
  "finalPrice": "0.91394",
  "frontrun": Object {
    "delta0": "4.6164",
    "delta1": "-4.4000",
    "executionPrice": "0.95313",
  },
  "mint": Object {
    "amount0": "0.0000",
    "amount1": "3.2947e+13",
  },
  "sandwichedPrice": "0.91119",
  "trueValue": Object {
    "afterFrontrun": "-0.12404",
    "afterSandwich": "0.55913",
    "final": "0.66970",
  },
}
`;
