// Jest Snapshot v1, https://goo.gl/fbAQLP

exports[`UniswapV3Pool gas tests fee is off #burn above current price burn entire position after some time passes 1`] = `56987`;

exports[`UniswapV3Pool gas tests fee is off #burn above current price burn when only position using ticks 1`] = `56987`;

exports[`UniswapV3Pool gas tests fee is off #burn above current price entire position burn but other positions are using the ticks 1`] = `77279`;

exports[`UniswapV3Pool gas tests fee is off #burn above current price partial position burn 1`] = `92279`;

exports[`UniswapV3Pool gas tests fee is off #burn around current price burn entire position after some time passes 1`] = `75499`;

exports[`UniswapV3Pool gas tests fee is off #burn around current price burn when only position using ticks 1`] = `72195`;

exports[`UniswapV3Pool gas tests fee is off #burn around current price entire position burn but other positions are using the ticks 1`] = `88892`;

exports[`UniswapV3Pool gas tests fee is off #burn around current price partial position burn 1`] = `103892`;

exports[`UniswapV3Pool gas tests fee is off #burn below current price burn entire position after some time passes 1`] = `69823`;

exports[`UniswapV3Pool gas tests fee is off #burn below current price burn when only position using ticks 1`] = `69823`;

exports[`UniswapV3Pool gas tests fee is off #burn below current price entire position burn but other positions are using the ticks 1`] = `77946`;

exports[`UniswapV3Pool gas tests fee is off #burn below current price partial position burn 1`] = `92946`;

exports[`UniswapV3Pool gas tests fee is off #collect close to worst case 1`] = `40616`;

exports[`UniswapV3Pool gas tests fee is off #increaseObservationCardinalityNext grow by 1 slot 1`] = `54798`;

exports[`UniswapV3Pool gas tests fee is off #increaseObservationCardinalityNext no op 1`] = `28277`;

exports[`UniswapV3Pool gas tests fee is off #mint above current price add to position after some time passes 1`] = `108090`;

exports[`UniswapV3Pool gas tests fee is off #mint above current price add to position existing 1`] = `108090`;

exports[`UniswapV3Pool gas tests fee is off #mint above current price new position mint first in range 1`] = `176472`;

exports[`UniswapV3Pool gas tests fee is off #mint above current price second position in same range 1`] = `123090`;

exports[`UniswapV3Pool gas tests fee is off #mint around current price add to position after some time passes 1`] = `159783`;

exports[`UniswapV3Pool gas tests fee is off #mint around current price add to position existing 1`] = `148975`;

exports[`UniswapV3Pool gas tests fee is off #mint around current price new position mint first in range 1`] = `308598`;

exports[`UniswapV3Pool gas tests fee is off #mint around current price second position in same range 1`] = `163975`;

exports[`UniswapV3Pool gas tests fee is off #mint below current price add to position after some time passes 1`] = `108635`;

exports[`UniswapV3Pool gas tests fee is off #mint below current price add to position existing 1`] = `108635`;

exports[`UniswapV3Pool gas tests fee is off #mint below current price new position mint first in range 1`] = `280283`;

exports[`UniswapV3Pool gas tests fee is off #mint below current price second position in same range 1`] = `123635`;

exports[`UniswapV3Pool gas tests fee is off #poke best case 1`] = `42584`;

exports[`UniswapV3Pool gas tests fee is off #swapExact0For1 first swap in block moves tick, no initialized crossings 1`] = `118469`;

exports[`UniswapV3Pool gas tests fee is off #swapExact0For1 first swap in block with no tick movement 1`] = `104436`;

exports[`UniswapV3Pool gas tests fee is off #swapExact0For1 first swap in block, large swap crossing a single initialized tick 1`] = `120833`;

exports[`UniswapV3Pool gas tests fee is off #swapExact0For1 first swap in block, large swap crossing several initialized ticks 1`] = `136504`;

exports[`UniswapV3Pool gas tests fee is off #swapExact0For1 first swap in block, large swap, no initialized crossings 1`] = `130574`;

exports[`UniswapV3Pool gas tests fee is off #swapExact0For1 large swap crossing several initialized ticks after some time passes (seconds outside is set) 1`] = `151504`;

exports[`UniswapV3Pool gas tests fee is off #swapExact0For1 large swap crossing several initialized ticks second time after some time passes 1`] = `211504`;

exports[`UniswapV3Pool gas tests fee is off #swapExact0For1 second swap in block moves tick, no initialized crossings 1`] = `118469`;

exports[`UniswapV3Pool gas tests fee is off #swapExact0For1 second swap in block with no tick movement 1`] = `104547`;

exports[`UniswapV3Pool gas tests fee is off #swapExact0For1 second swap in block, large swap crossing a single initialized tick 1`] = `108441`;

exports[`UniswapV3Pool gas tests fee is off #swapExact0For1 second swap in block, large swap crossing several initialized ticks 1`] = `124091`;

exports[`UniswapV3Pool gas tests fee is on #burn above current price burn entire position after some time passes 1`] = `56987`;

exports[`UniswapV3Pool gas tests fee is on #burn above current price burn when only position using ticks 1`] = `56987`;

exports[`UniswapV3Pool gas tests fee is on #burn above current price entire position burn but other positions are using the ticks 1`] = `77279`;

exports[`UniswapV3Pool gas tests fee is on #burn above current price partial position burn 1`] = `92279`;

exports[`UniswapV3Pool gas tests fee is on #burn around current price burn entire position after some time passes 1`] = `75499`;

exports[`UniswapV3Pool gas tests fee is on #burn around current price burn when only position using ticks 1`] = `72195`;

exports[`UniswapV3Pool gas tests fee is on #burn around current price entire position burn but other positions are using the ticks 1`] = `88892`;

exports[`UniswapV3Pool gas tests fee is on #burn around current price partial position burn 1`] = `103892`;

exports[`UniswapV3Pool gas tests fee is on #burn below current price burn entire position after some time passes 1`] = `69823`;

exports[`UniswapV3Pool gas tests fee is on #burn below current price burn when only position using ticks 1`] = `69823`;

exports[`UniswapV3Pool gas tests fee is on #burn below current price entire position burn but other positions are using the ticks 1`] = `77946`;

exports[`UniswapV3Pool gas tests fee is on #burn below current price partial position burn 1`] = `92946`;

exports[`UniswapV3Pool gas tests fee is on #collect close to worst case 1`] = `40616`;

exports[`UniswapV3Pool gas tests fee is on #increaseObservationCardinalityNext grow by 1 slot 1`] = `54798`;

exports[`UniswapV3Pool gas tests fee is on #increaseObservationCardinalityNext no op 1`] = `28277`;

exports[`UniswapV3Pool gas tests fee is on #mint above current price add to position after some time passes 1`] = `108090`;

exports[`UniswapV3Pool gas tests fee is on #mint above current price add to position existing 1`] = `108090`;

exports[`UniswapV3Pool gas tests fee is on #mint above current price new position mint first in range 1`] = `176472`;

exports[`UniswapV3Pool gas tests fee is on #mint above current price second position in same range 1`] = `123090`;

exports[`UniswapV3Pool gas tests fee is on #mint around current price add to position after some time passes 1`] = `159783`;

exports[`UniswapV3Pool gas tests fee is on #mint around current price add to position existing 1`] = `148975`;

exports[`UniswapV3Pool gas tests fee is on #mint around current price new position mint first in range 1`] = `308598`;

exports[`UniswapV3Pool gas tests fee is on #mint around current price second position in same range 1`] = `163975`;

exports[`UniswapV3Pool gas tests fee is on #mint below current price add to position after some time passes 1`] = `108635`;

exports[`UniswapV3Pool gas tests fee is on #mint below current price add to position existing 1`] = `108635`;

exports[`UniswapV3Pool gas tests fee is on #mint below current price new position mint first in range 1`] = `280283`;

exports[`UniswapV3Pool gas tests fee is on #mint below current price second position in same range 1`] = `123635`;

exports[`UniswapV3Pool gas tests fee is on #poke best case 1`] = `42584`;

exports[`UniswapV3Pool gas tests fee is on #swapExact0For1 first swap in block moves tick, no initialized crossings 1`] = `124656`;

exports[`UniswapV3Pool gas tests fee is on #swapExact0For1 first swap in block with no tick movement 1`] = `110476`;

exports[`UniswapV3Pool gas tests fee is on #swapExact0For1 first swap in block, large swap crossing a single initialized tick 1`] = `127167`;

exports[`UniswapV3Pool gas tests fee is on #swapExact0For1 first swap in block, large swap crossing several initialized ticks 1`] = `143279`;

exports[`UniswapV3Pool gas tests fee is on #swapExact0For1 first swap in block, large swap, no initialized crossings 1`] = `137055`;

exports[`UniswapV3Pool gas tests fee is on #swapExact0For1 large swap crossing several initialized ticks after some time passes (seconds outside is set) 1`] = `158279`;

exports[`UniswapV3Pool gas tests fee is on #swapExact0For1 large swap crossing several initialized ticks second time after some time passes 1`] = `218279`;

exports[`UniswapV3Pool gas tests fee is on #swapExact0For1 second swap in block moves tick, no initialized crossings 1`] = `124656`;

exports[`UniswapV3Pool gas tests fee is on #swapExact0For1 second swap in block with no tick movement 1`] = `110587`;

exports[`UniswapV3Pool gas tests fee is on #swapExact0For1 second swap in block, large swap crossing a single initialized tick 1`] = `114628`;

exports[`UniswapV3Pool gas tests fee is on #swapExact0For1 second swap in block, large swap crossing several initialized ticks 1`] = `130719`;
