// Jest Snapshot v1, https://goo.gl/fbAQLP

exports[`UniswapV3Pair gas tests fee is off #burn above current price burn entire position after some time passes 1`] = `56211`;

exports[`UniswapV3Pair gas tests fee is off #burn above current price burn when only position using ticks 1`] = `56211`;

exports[`UniswapV3Pair gas tests fee is off #burn above current price entire position burn but other positions are using the ticks 1`] = `75728`;

exports[`UniswapV3Pair gas tests fee is off #burn above current price partial position burn 1`] = `89101`;

exports[`UniswapV3Pair gas tests fee is off #burn around current price burn entire position after some time passes 1`] = `82630`;

exports[`UniswapV3Pair gas tests fee is off #burn around current price burn when only position using ticks 1`] = `79317`;

exports[`UniswapV3Pair gas tests fee is off #burn around current price entire position burn but other positions are using the ticks 1`] = `103137`;

exports[`UniswapV3Pair gas tests fee is off #burn around current price partial position burn 1`] = `116510`;

exports[`UniswapV3Pair gas tests fee is off #burn below current price burn entire position after some time passes 1`] = `69033`;

exports[`UniswapV3Pair gas tests fee is off #burn below current price burn when only position using ticks 1`] = `69033`;

exports[`UniswapV3Pair gas tests fee is off #burn below current price entire position burn but other positions are using the ticks 1`] = `76366`;

exports[`UniswapV3Pair gas tests fee is off #burn below current price partial position burn 1`] = `89739`;

exports[`UniswapV3Pair gas tests fee is off #collect close to worst case 1`] = `41129`;

exports[`UniswapV3Pair gas tests fee is off #increaseObservationCardinalityNext grow by 1 slot 1`] = `54913`;

exports[`UniswapV3Pair gas tests fee is off #increaseObservationCardinalityNext no op 1`] = `28362`;

exports[`UniswapV3Pair gas tests fee is off #mint above current price add to position after some time passes 1`] = `103194`;

exports[`UniswapV3Pair gas tests fee is off #mint above current price add to position existing 1`] = `103194`;

exports[`UniswapV3Pair gas tests fee is off #mint above current price new position mint first in range 1`] = `171576`;

exports[`UniswapV3Pair gas tests fee is off #mint above current price second position in same range 1`] = `118194`;

exports[`UniswapV3Pair gas tests fee is off #mint around current price add to position after some time passes 1`] = `149732`;

exports[`UniswapV3Pair gas tests fee is off #mint around current price add to position existing 1`] = `138906`;

exports[`UniswapV3Pair gas tests fee is off #mint around current price new position mint first in range 1`] = `298547`;

exports[`UniswapV3Pair gas tests fee is off #mint around current price second position in same range 1`] = `153906`;

exports[`UniswapV3Pair gas tests fee is off #mint below current price add to position after some time passes 1`] = `103723`;

exports[`UniswapV3Pair gas tests fee is off #mint below current price add to position existing 1`] = `103723`;

exports[`UniswapV3Pair gas tests fee is off #mint below current price new position mint first in range 1`] = `275371`;

exports[`UniswapV3Pair gas tests fee is off #mint below current price second position in same range 1`] = `118723`;

exports[`UniswapV3Pair gas tests fee is off #poke best case 1`] = `44552`;

exports[`UniswapV3Pair gas tests fee is off #swapExact0For1 first swap in block moves tick, no initialized crossings 1`] = `101720`;

exports[`UniswapV3Pair gas tests fee is off #swapExact0For1 first swap in block with no tick movement 1`] = `84461`;

exports[`UniswapV3Pair gas tests fee is off #swapExact0For1 first swap in block, large swap crossing a single initialized tick 1`] = `104020`;

exports[`UniswapV3Pair gas tests fee is off #swapExact0For1 first swap in block, large swap crossing several initialized ticks 1`] = `119622`;

exports[`UniswapV3Pair gas tests fee is off #swapExact0For1 first swap in block, large swap, no initialized crossings 1`] = `113678`;

exports[`UniswapV3Pair gas tests fee is off #swapExact0For1 large swap crossing several initialized ticks after some time passes (seconds outside is set) 1`] = `134622`;

exports[`UniswapV3Pair gas tests fee is off #swapExact0For1 large swap crossing several initialized ticks second time after some time passes 1`] = `194622`;

exports[`UniswapV3Pair gas tests fee is off #swapExact0For1 second swap in block moves tick, no initialized crossings 1`] = `101720`;

exports[`UniswapV3Pair gas tests fee is off #swapExact0For1 second swap in block with no tick movement 1`] = `84572`;

exports[`UniswapV3Pair gas tests fee is off #swapExact0For1 second swap in block, large swap crossing a single initialized tick 1`] = `91623`;

exports[`UniswapV3Pair gas tests fee is off #swapExact0For1 second swap in block, large swap crossing several initialized ticks 1`] = `107204`;

exports[`UniswapV3Pair gas tests fee is on #burn above current price burn entire position after some time passes 1`] = `59347`;

exports[`UniswapV3Pair gas tests fee is on #burn above current price burn when only position using ticks 1`] = `59347`;

exports[`UniswapV3Pair gas tests fee is on #burn above current price entire position burn but other positions are using the ticks 1`] = `81999`;

exports[`UniswapV3Pair gas tests fee is on #burn above current price partial position burn 1`] = `95372`;

exports[`UniswapV3Pair gas tests fee is on #burn around current price burn entire position after some time passes 1`] = `85872`;

exports[`UniswapV3Pair gas tests fee is on #burn around current price burn when only position using ticks 1`] = `82559`;

exports[`UniswapV3Pair gas tests fee is on #burn around current price entire position burn but other positions are using the ticks 1`] = `109620`;

exports[`UniswapV3Pair gas tests fee is on #burn around current price partial position burn 1`] = `122993`;

exports[`UniswapV3Pair gas tests fee is on #burn below current price burn entire position after some time passes 1`] = `72173`;

exports[`UniswapV3Pair gas tests fee is on #burn below current price burn when only position using ticks 1`] = `72173`;

exports[`UniswapV3Pair gas tests fee is on #burn below current price entire position burn but other positions are using the ticks 1`] = `82646`;

exports[`UniswapV3Pair gas tests fee is on #burn below current price partial position burn 1`] = `96019`;

exports[`UniswapV3Pair gas tests fee is on #collect close to worst case 1`] = `41129`;

exports[`UniswapV3Pair gas tests fee is on #increaseObservationCardinalityNext grow by 1 slot 1`] = `54913`;

exports[`UniswapV3Pair gas tests fee is on #increaseObservationCardinalityNext no op 1`] = `28362`;

exports[`UniswapV3Pair gas tests fee is on #mint above current price add to position after some time passes 1`] = `103194`;

exports[`UniswapV3Pair gas tests fee is on #mint above current price add to position existing 1`] = `103194`;

exports[`UniswapV3Pair gas tests fee is on #mint above current price new position mint first in range 1`] = `171576`;

exports[`UniswapV3Pair gas tests fee is on #mint above current price second position in same range 1`] = `118194`;

exports[`UniswapV3Pair gas tests fee is on #mint around current price add to position after some time passes 1`] = `149732`;

exports[`UniswapV3Pair gas tests fee is on #mint around current price add to position existing 1`] = `138906`;

exports[`UniswapV3Pair gas tests fee is on #mint around current price new position mint first in range 1`] = `298547`;

exports[`UniswapV3Pair gas tests fee is on #mint around current price second position in same range 1`] = `153906`;

exports[`UniswapV3Pair gas tests fee is on #mint below current price add to position after some time passes 1`] = `103723`;

exports[`UniswapV3Pair gas tests fee is on #mint below current price add to position existing 1`] = `103723`;

exports[`UniswapV3Pair gas tests fee is on #mint below current price new position mint first in range 1`] = `275371`;

exports[`UniswapV3Pair gas tests fee is on #mint below current price second position in same range 1`] = `118723`;

exports[`UniswapV3Pair gas tests fee is on #poke best case 1`] = `46420`;

exports[`UniswapV3Pair gas tests fee is on #swapExact0For1 first swap in block moves tick, no initialized crossings 1`] = `101720`;

exports[`UniswapV3Pair gas tests fee is on #swapExact0For1 first swap in block with no tick movement 1`] = `84461`;

exports[`UniswapV3Pair gas tests fee is on #swapExact0For1 first swap in block, large swap crossing a single initialized tick 1`] = `104020`;

exports[`UniswapV3Pair gas tests fee is on #swapExact0For1 first swap in block, large swap crossing several initialized ticks 1`] = `119622`;

exports[`UniswapV3Pair gas tests fee is on #swapExact0For1 first swap in block, large swap, no initialized crossings 1`] = `113678`;

exports[`UniswapV3Pair gas tests fee is on #swapExact0For1 large swap crossing several initialized ticks after some time passes (seconds outside is set) 1`] = `134622`;

exports[`UniswapV3Pair gas tests fee is on #swapExact0For1 large swap crossing several initialized ticks second time after some time passes 1`] = `194622`;

exports[`UniswapV3Pair gas tests fee is on #swapExact0For1 second swap in block moves tick, no initialized crossings 1`] = `101720`;

exports[`UniswapV3Pair gas tests fee is on #swapExact0For1 second swap in block with no tick movement 1`] = `84572`;

exports[`UniswapV3Pair gas tests fee is on #swapExact0For1 second swap in block, large swap crossing a single initialized tick 1`] = `91623`;

exports[`UniswapV3Pair gas tests fee is on #swapExact0For1 second swap in block, large swap crossing several initialized ticks 1`] = `107204`;
